------------------------------------------------------------
TimeQuest Timing Analyzer Summary
------------------------------------------------------------

Type  : Slow 1100mV 85C Model Setup 'lbclk'
Slack : 6.455
TNS   : 0.000

Type  : Slow 1100mV 85C Model Setup 'clk'
Slack : 7.014
TNS   : 0.000

Type  : Slow 1100mV 85C Model Setup 'altera_reserved_tck'
Slack : 14.461
TNS   : 0.000

Type  : Slow 1100mV 85C Model Setup 'spi_clock'
Slack : 980.447
TNS   : 0.000

Type  : Slow 1100mV 85C Model Hold 'clk'
Slack : 0.420
TNS   : 0.000

Type  : Slow 1100mV 85C Model Hold 'altera_reserved_tck'
Slack : 0.424
TNS   : 0.000

Type  : Slow 1100mV 85C Model Hold 'lbclk'
Slack : 12.519
TNS   : 0.000

Type  : Slow 1100mV 85C Model Hold 'spi_clock'
Slack : 23.765
TNS   : 0.000

Type  : Slow 1100mV 85C Model Recovery 'altera_reserved_tck'
Slack : 19.316
TNS   : 0.000

Type  : Slow 1100mV 85C Model Removal 'altera_reserved_tck'
Slack : 0.942
TNS   : 0.000

Type  : Slow 1100mV 85C Model Minimum Pulse Width 'clk'
Slack : 8.849
TNS   : 0.000

Type  : Slow 1100mV 85C Model Minimum Pulse Width 'altera_reserved_tck'
Slack : 19.527
TNS   : 0.000

Type  : Slow 1100mV 85C Model Minimum Pulse Width 'sclk_reg'
Slack : 499.964
TNS   : 0.000

Type  : Slow 1100mV 0C Model Setup 'lbclk'
Slack : 6.519
TNS   : 0.000

Type  : Slow 1100mV 0C Model Setup 'clk'
Slack : 7.591
TNS   : 0.000

Type  : Slow 1100mV 0C Model Setup 'altera_reserved_tck'
Slack : 14.389
TNS   : 0.000

Type  : Slow 1100mV 0C Model Setup 'spi_clock'
Slack : 980.292
TNS   : 0.000

Type  : Slow 1100mV 0C Model Hold 'clk'
Slack : 0.408
TNS   : 0.000

Type  : Slow 1100mV 0C Model Hold 'altera_reserved_tck'
Slack : 0.416
TNS   : 0.000

Type  : Slow 1100mV 0C Model Hold 'lbclk'
Slack : 12.495
TNS   : 0.000

Type  : Slow 1100mV 0C Model Hold 'spi_clock'
Slack : 23.756
TNS   : 0.000

Type  : Slow 1100mV 0C Model Recovery 'altera_reserved_tck'
Slack : 19.395
TNS   : 0.000

Type  : Slow 1100mV 0C Model Removal 'altera_reserved_tck'
Slack : 0.903
TNS   : 0.000

Type  : Slow 1100mV 0C Model Minimum Pulse Width 'clk'
Slack : 8.808
TNS   : 0.000

Type  : Slow 1100mV 0C Model Minimum Pulse Width 'altera_reserved_tck'
Slack : 19.559
TNS   : 0.000

Type  : Slow 1100mV 0C Model Minimum Pulse Width 'sclk_reg'
Slack : 499.958
TNS   : 0.000

Type  : Fast 1100mV 85C Model Setup 'lbclk'
Slack : 10.447
TNS   : 0.000

Type  : Fast 1100mV 85C Model Setup 'clk'
Slack : 10.692
TNS   : 0.000

Type  : Fast 1100mV 85C Model Setup 'altera_reserved_tck'
Slack : 18.103
TNS   : 0.000

Type  : Fast 1100mV 85C Model Setup 'spi_clock'
Slack : 983.486
TNS   : 0.000

Type  : Fast 1100mV 85C Model Hold 'clk'
Slack : 0.175
TNS   : 0.000

Type  : Fast 1100mV 85C Model Hold 'altera_reserved_tck'
Slack : 0.176
TNS   : 0.000

Type  : Fast 1100mV 85C Model Hold 'lbclk'
Slack : 9.062
TNS   : 0.000

Type  : Fast 1100mV 85C Model Hold 'spi_clock'
Slack : 23.129
TNS   : 0.000

Type  : Fast 1100mV 85C Model Recovery 'altera_reserved_tck'
Slack : 20.740
TNS   : 0.000

Type  : Fast 1100mV 85C Model Removal 'altera_reserved_tck'
Slack : 0.438
TNS   : 0.000

Type  : Fast 1100mV 85C Model Minimum Pulse Width 'clk'
Slack : 8.495
TNS   : 0.000

Type  : Fast 1100mV 85C Model Minimum Pulse Width 'altera_reserved_tck'
Slack : 19.124
TNS   : 0.000

Type  : Fast 1100mV 85C Model Minimum Pulse Width 'sclk_reg'
Slack : 499.993
TNS   : 0.000

Type  : Fast 1100mV 0C Model Setup 'lbclk'
Slack : 10.733
TNS   : 0.000

Type  : Fast 1100mV 0C Model Setup 'clk'
Slack : 10.773
TNS   : 0.000

Type  : Fast 1100mV 0C Model Setup 'altera_reserved_tck'
Slack : 18.381
TNS   : 0.000

Type  : Fast 1100mV 0C Model Setup 'spi_clock'
Slack : 983.898
TNS   : 0.000

Type  : Fast 1100mV 0C Model Hold 'clk'
Slack : 0.167
TNS   : 0.000

Type  : Fast 1100mV 0C Model Hold 'altera_reserved_tck'
Slack : 0.168
TNS   : 0.000

Type  : Fast 1100mV 0C Model Hold 'lbclk'
Slack : 8.797
TNS   : 0.000

Type  : Fast 1100mV 0C Model Hold 'spi_clock'
Slack : 23.070
TNS   : 0.000

Type  : Fast 1100mV 0C Model Recovery 'altera_reserved_tck'
Slack : 20.841
TNS   : 0.000

Type  : Fast 1100mV 0C Model Removal 'altera_reserved_tck'
Slack : 0.393
TNS   : 0.000

Type  : Fast 1100mV 0C Model Minimum Pulse Width 'clk'
Slack : 8.449
TNS   : 0.000

Type  : Fast 1100mV 0C Model Minimum Pulse Width 'altera_reserved_tck'
Slack : 19.099
TNS   : 0.000

Type  : Fast 1100mV 0C Model Minimum Pulse Width 'sclk_reg'
Slack : 499.988
TNS   : 0.000

------------------------------------------------------------
