------------------------------------------------------------
TimeQuest Timing Analyzer Summary
------------------------------------------------------------

Type  : Slow 1100mV 85C Model Setup 'lbclk'
Slack : 6.458
TNS   : 0.000

Type  : Slow 1100mV 85C Model Setup 'clk'
Slack : 6.748
TNS   : 0.000

Type  : Slow 1100mV 85C Model Setup 'altera_reserved_tck'
Slack : 14.362
TNS   : 0.000

Type  : Slow 1100mV 85C Model Setup 'spi_clock'
Slack : 984.710
TNS   : 0.000

Type  : Slow 1100mV 85C Model Hold 'clk'
Slack : 0.370
TNS   : 0.000

Type  : Slow 1100mV 85C Model Hold 'altera_reserved_tck'
Slack : 0.436
TNS   : 0.000

Type  : Slow 1100mV 85C Model Hold 'lbclk'
Slack : 12.519
TNS   : 0.000

Type  : Slow 1100mV 85C Model Hold 'spi_clock'
Slack : 22.818
TNS   : 0.000

Type  : Slow 1100mV 85C Model Recovery 'altera_reserved_tck'
Slack : 19.405
TNS   : 0.000

Type  : Slow 1100mV 85C Model Removal 'altera_reserved_tck'
Slack : 0.672
TNS   : 0.000

Type  : Slow 1100mV 85C Model Minimum Pulse Width 'clk'
Slack : 8.851
TNS   : 0.000

Type  : Slow 1100mV 85C Model Minimum Pulse Width 'altera_reserved_tck'
Slack : 19.524
TNS   : 0.000

Type  : Slow 1100mV 85C Model Minimum Pulse Width 'sclk_reg'
Slack : 499.964
TNS   : 0.000

Type  : Slow 1100mV 0C Model Setup 'lbclk'
Slack : 6.525
TNS   : 0.000

Type  : Slow 1100mV 0C Model Setup 'clk'
Slack : 7.297
TNS   : 0.000

Type  : Slow 1100mV 0C Model Setup 'altera_reserved_tck'
Slack : 14.176
TNS   : 0.000

Type  : Slow 1100mV 0C Model Setup 'spi_clock'
Slack : 984.611
TNS   : 0.000

Type  : Slow 1100mV 0C Model Hold 'clk'
Slack : 0.346
TNS   : 0.000

Type  : Slow 1100mV 0C Model Hold 'altera_reserved_tck'
Slack : 0.447
TNS   : 0.000

Type  : Slow 1100mV 0C Model Hold 'lbclk'
Slack : 12.495
TNS   : 0.000

Type  : Slow 1100mV 0C Model Hold 'spi_clock'
Slack : 22.735
TNS   : 0.000

Type  : Slow 1100mV 0C Model Recovery 'altera_reserved_tck'
Slack : 19.401
TNS   : 0.000

Type  : Slow 1100mV 0C Model Removal 'altera_reserved_tck'
Slack : 0.624
TNS   : 0.000

Type  : Slow 1100mV 0C Model Minimum Pulse Width 'clk'
Slack : 8.810
TNS   : 0.000

Type  : Slow 1100mV 0C Model Minimum Pulse Width 'altera_reserved_tck'
Slack : 19.560
TNS   : 0.000

Type  : Slow 1100mV 0C Model Minimum Pulse Width 'sclk_reg'
Slack : 499.958
TNS   : 0.000

Type  : Fast 1100mV 85C Model Setup 'lbclk'
Slack : 10.449
TNS   : 0.000

Type  : Fast 1100mV 85C Model Setup 'clk'
Slack : 10.510
TNS   : 0.000

Type  : Fast 1100mV 85C Model Setup 'altera_reserved_tck'
Slack : 18.002
TNS   : 0.000

Type  : Fast 1100mV 85C Model Setup 'spi_clock'
Slack : 986.667
TNS   : 0.000

Type  : Fast 1100mV 85C Model Hold 'altera_reserved_tck'
Slack : 0.175
TNS   : 0.000

Type  : Fast 1100mV 85C Model Hold 'clk'
Slack : 0.176
TNS   : 0.000

Type  : Fast 1100mV 85C Model Hold 'lbclk'
Slack : 9.062
TNS   : 0.000

Type  : Fast 1100mV 85C Model Hold 'spi_clock'
Slack : 22.433
TNS   : 0.000

Type  : Fast 1100mV 85C Model Recovery 'altera_reserved_tck'
Slack : 20.673
TNS   : 0.000

Type  : Fast 1100mV 85C Model Removal 'altera_reserved_tck'
Slack : 0.287
TNS   : 0.000

Type  : Fast 1100mV 85C Model Minimum Pulse Width 'clk'
Slack : 8.494
TNS   : 0.000

Type  : Fast 1100mV 85C Model Minimum Pulse Width 'altera_reserved_tck'
Slack : 19.116
TNS   : 0.000

Type  : Fast 1100mV 85C Model Minimum Pulse Width 'sclk_reg'
Slack : 499.993
TNS   : 0.000

Type  : Fast 1100mV 0C Model Setup 'clk'
Slack : 10.578
TNS   : 0.000

Type  : Fast 1100mV 0C Model Setup 'lbclk'
Slack : 10.734
TNS   : 0.000

Type  : Fast 1100mV 0C Model Setup 'altera_reserved_tck'
Slack : 18.226
TNS   : 0.000

Type  : Fast 1100mV 0C Model Setup 'spi_clock'
Slack : 986.889
TNS   : 0.000

Type  : Fast 1100mV 0C Model Hold 'clk'
Slack : 0.166
TNS   : 0.000

Type  : Fast 1100mV 0C Model Hold 'altera_reserved_tck'
Slack : 0.167
TNS   : 0.000

Type  : Fast 1100mV 0C Model Hold 'lbclk'
Slack : 8.797
TNS   : 0.000

Type  : Fast 1100mV 0C Model Hold 'spi_clock'
Slack : 22.337
TNS   : 0.000

Type  : Fast 1100mV 0C Model Recovery 'altera_reserved_tck'
Slack : 20.768
TNS   : 0.000

Type  : Fast 1100mV 0C Model Removal 'altera_reserved_tck'
Slack : 0.261
TNS   : 0.000

Type  : Fast 1100mV 0C Model Minimum Pulse Width 'clk'
Slack : 8.448
TNS   : 0.000

Type  : Fast 1100mV 0C Model Minimum Pulse Width 'altera_reserved_tck'
Slack : 19.095
TNS   : 0.000

Type  : Fast 1100mV 0C Model Minimum Pulse Width 'sclk_reg'
Slack : 499.988
TNS   : 0.000

------------------------------------------------------------
