------------------------------------------------------------
TimeQuest Timing Analyzer Summary
------------------------------------------------------------

Type  : Slow 1100mV 85C Model Setup 'lbclk'
Slack : 6.458
TNS   : 0.000

Type  : Slow 1100mV 85C Model Setup 'clk'
Slack : 6.589
TNS   : 0.000

Type  : Slow 1100mV 85C Model Setup 'altera_reserved_tck'
Slack : 15.152
TNS   : 0.000

Type  : Slow 1100mV 85C Model Setup 'spi_clock'
Slack : 983.085
TNS   : 0.000

Type  : Slow 1100mV 85C Model Hold 'clk'
Slack : 0.377
TNS   : 0.000

Type  : Slow 1100mV 85C Model Hold 'altera_reserved_tck'
Slack : 0.434
TNS   : 0.000

Type  : Slow 1100mV 85C Model Hold 'lbclk'
Slack : 12.519
TNS   : 0.000

Type  : Slow 1100mV 85C Model Hold 'spi_clock'
Slack : 22.945
TNS   : 0.000

Type  : Slow 1100mV 85C Model Recovery 'altera_reserved_tck'
Slack : 19.321
TNS   : 0.000

Type  : Slow 1100mV 85C Model Removal 'altera_reserved_tck'
Slack : 0.954
TNS   : 0.000

Type  : Slow 1100mV 85C Model Minimum Pulse Width 'clk'
Slack : 8.849
TNS   : 0.000

Type  : Slow 1100mV 85C Model Minimum Pulse Width 'altera_reserved_tck'
Slack : 19.527
TNS   : 0.000

Type  : Slow 1100mV 85C Model Minimum Pulse Width 'sclk_reg'
Slack : 499.966
TNS   : 0.000

Type  : Slow 1100mV 0C Model Setup 'lbclk'
Slack : 6.525
TNS   : 0.000

Type  : Slow 1100mV 0C Model Setup 'clk'
Slack : 7.114
TNS   : 0.000

Type  : Slow 1100mV 0C Model Setup 'altera_reserved_tck'
Slack : 15.083
TNS   : 0.000

Type  : Slow 1100mV 0C Model Setup 'spi_clock'
Slack : 983.023
TNS   : 0.000

Type  : Slow 1100mV 0C Model Hold 'clk'
Slack : 0.347
TNS   : 0.000

Type  : Slow 1100mV 0C Model Hold 'altera_reserved_tck'
Slack : 0.414
TNS   : 0.000

Type  : Slow 1100mV 0C Model Hold 'lbclk'
Slack : 12.495
TNS   : 0.000

Type  : Slow 1100mV 0C Model Hold 'spi_clock'
Slack : 22.857
TNS   : 0.000

Type  : Slow 1100mV 0C Model Recovery 'altera_reserved_tck'
Slack : 19.306
TNS   : 0.000

Type  : Slow 1100mV 0C Model Removal 'altera_reserved_tck'
Slack : 0.898
TNS   : 0.000

Type  : Slow 1100mV 0C Model Minimum Pulse Width 'clk'
Slack : 8.809
TNS   : 0.000

Type  : Slow 1100mV 0C Model Minimum Pulse Width 'altera_reserved_tck'
Slack : 19.559
TNS   : 0.000

Type  : Slow 1100mV 0C Model Minimum Pulse Width 'sclk_reg'
Slack : 499.955
TNS   : 0.000

Type  : Fast 1100mV 85C Model Setup 'clk'
Slack : 10.377
TNS   : 0.000

Type  : Fast 1100mV 85C Model Setup 'lbclk'
Slack : 10.449
TNS   : 0.000

Type  : Fast 1100mV 85C Model Setup 'altera_reserved_tck'
Slack : 18.576
TNS   : 0.000

Type  : Fast 1100mV 85C Model Setup 'spi_clock'
Slack : 985.540
TNS   : 0.000

Type  : Fast 1100mV 85C Model Hold 'altera_reserved_tck'
Slack : 0.174
TNS   : 0.000

Type  : Fast 1100mV 85C Model Hold 'clk'
Slack : 0.176
TNS   : 0.000

Type  : Fast 1100mV 85C Model Hold 'lbclk'
Slack : 9.062
TNS   : 0.000

Type  : Fast 1100mV 85C Model Hold 'spi_clock'
Slack : 22.479
TNS   : 0.000

Type  : Fast 1100mV 85C Model Recovery 'altera_reserved_tck'
Slack : 20.614
TNS   : 0.000

Type  : Fast 1100mV 85C Model Removal 'altera_reserved_tck'
Slack : 0.452
TNS   : 0.000

Type  : Fast 1100mV 85C Model Minimum Pulse Width 'clk'
Slack : 8.494
TNS   : 0.000

Type  : Fast 1100mV 85C Model Minimum Pulse Width 'altera_reserved_tck'
Slack : 19.124
TNS   : 0.000

Type  : Fast 1100mV 85C Model Minimum Pulse Width 'sclk_reg'
Slack : 499.993
TNS   : 0.000

Type  : Fast 1100mV 0C Model Setup 'clk'
Slack : 10.448
TNS   : 0.000

Type  : Fast 1100mV 0C Model Setup 'lbclk'
Slack : 10.734
TNS   : 0.000

Type  : Fast 1100mV 0C Model Setup 'altera_reserved_tck'
Slack : 18.824
TNS   : 0.000

Type  : Fast 1100mV 0C Model Setup 'spi_clock'
Slack : 985.879
TNS   : 0.000

Type  : Fast 1100mV 0C Model Hold 'clk'
Slack : 0.166
TNS   : 0.000

Type  : Fast 1100mV 0C Model Hold 'altera_reserved_tck'
Slack : 0.167
TNS   : 0.000

Type  : Fast 1100mV 0C Model Hold 'lbclk'
Slack : 8.797
TNS   : 0.000

Type  : Fast 1100mV 0C Model Hold 'spi_clock'
Slack : 22.383
TNS   : 0.000

Type  : Fast 1100mV 0C Model Recovery 'altera_reserved_tck'
Slack : 20.713
TNS   : 0.000

Type  : Fast 1100mV 0C Model Removal 'altera_reserved_tck'
Slack : 0.413
TNS   : 0.000

Type  : Fast 1100mV 0C Model Minimum Pulse Width 'clk'
Slack : 8.448
TNS   : 0.000

Type  : Fast 1100mV 0C Model Minimum Pulse Width 'altera_reserved_tck'
Slack : 19.100
TNS   : 0.000

Type  : Fast 1100mV 0C Model Minimum Pulse Width 'sclk_reg'
Slack : 499.987
TNS   : 0.000

------------------------------------------------------------
